[2022-07-21T09:25:19.035+0500][gc,heap] Heap region size: 1M
[2022-07-21T09:25:19.041+0500][gc     ] Using G1
[2022-07-21T09:25:19.041+0500][gc,heap,coops] Heap address: 0x00000007c0000000, size: 1024 MB, Compressed Oops mode: Zero based, Oop shift amount: 3
[2022-07-21T09:25:20.071+0500][gc,start     ] GC(0) Pause Young (Concurrent Start) (Metadata GC Threshold)
[2022-07-21T09:25:20.071+0500][gc,task      ] GC(0) Using 8 workers of 8 for evacuation
[2022-07-21T09:25:20.082+0500][gc,phases    ] GC(0)   Pre Evacuate Collection Set: 0.0ms
[2022-07-21T09:25:20.082+0500][gc,phases    ] GC(0)   Evacuate Collection Set: 10.1ms
[2022-07-21T09:25:20.082+0500][gc,phases    ] GC(0)   Post Evacuate Collection Set: 0.3ms
[2022-07-21T09:25:20.082+0500][gc,phases    ] GC(0)   Other: 0.8ms
[2022-07-21T09:25:20.082+0500][gc,heap      ] GC(0) Eden regions: 44->0(44)
[2022-07-21T09:25:20.082+0500][gc,heap      ] GC(0) Survivor regions: 0->7(7)
[2022-07-21T09:25:20.082+0500][gc,heap      ] GC(0) Old regions: 0->0
[2022-07-21T09:25:20.082+0500][gc,heap      ] GC(0) Humongous regions: 0->0
[2022-07-21T09:25:20.082+0500][gc,metaspace ] GC(0) Metaspace: 20758K->20758K(1069056K)
[2022-07-21T09:25:20.082+0500][gc           ] GC(0) Pause Young (Concurrent Start) (Metadata GC Threshold) 43M->6M(1024M) 11.356ms
[2022-07-21T09:25:20.082+0500][gc,cpu       ] GC(0) User=0.03s Sys=0.02s Real=0.01s
[2022-07-21T09:25:20.083+0500][gc           ] GC(1) Concurrent Cycle
[2022-07-21T09:25:20.083+0500][gc,marking   ] GC(1) Concurrent Clear Claimed Marks
[2022-07-21T09:25:20.083+0500][gc,marking   ] GC(1) Concurrent Clear Claimed Marks 0.014ms
[2022-07-21T09:25:20.083+0500][gc,marking   ] GC(1) Concurrent Scan Root Regions
[2022-07-21T09:25:20.084+0500][gc,marking   ] GC(1) Concurrent Scan Root Regions 1.451ms
[2022-07-21T09:25:20.084+0500][gc,marking   ] GC(1) Concurrent Mark (1.058s)
[2022-07-21T09:25:20.084+0500][gc,marking   ] GC(1) Concurrent Mark From Roots
[2022-07-21T09:25:20.084+0500][gc,task      ] GC(1) Using 2 workers of 2 for marking
[2022-07-21T09:25:20.084+0500][gc,marking   ] GC(1) Concurrent Mark From Roots 0.113ms
[2022-07-21T09:25:20.084+0500][gc,marking   ] GC(1) Concurrent Preclean
[2022-07-21T09:25:20.084+0500][gc,marking   ] GC(1) Concurrent Preclean 0.026ms
[2022-07-21T09:25:20.084+0500][gc,marking   ] GC(1) Concurrent Mark (1.058s, 1.058s) 0.167ms
[2022-07-21T09:25:20.085+0500][gc,start     ] GC(1) Pause Remark
[2022-07-21T09:25:20.089+0500][gc,stringtable] GC(1) Cleaned string and symbol table, strings: 7218 processed, 0 removed, symbols: 63718 processed, 34 removed
[2022-07-21T09:25:20.089+0500][gc            ] GC(1) Pause Remark 7M->7M(1024M) 4.144ms
[2022-07-21T09:25:20.089+0500][gc,cpu        ] GC(1) User=0.01s Sys=0.00s Real=0.00s
[2022-07-21T09:25:20.089+0500][gc,marking    ] GC(1) Concurrent Rebuild Remembered Sets
[2022-07-21T09:25:20.089+0500][gc,marking    ] GC(1) Concurrent Rebuild Remembered Sets 0.047ms
[2022-07-21T09:25:20.089+0500][gc,start      ] GC(1) Pause Cleanup
[2022-07-21T09:25:20.090+0500][gc            ] GC(1) Pause Cleanup 7M->7M(1024M) 0.075ms
[2022-07-21T09:25:20.090+0500][gc,cpu        ] GC(1) User=0.00s Sys=0.00s Real=0.01s
[2022-07-21T09:25:20.090+0500][gc,marking    ] GC(1) Concurrent Cleanup for Next Mark
[2022-07-21T09:25:20.093+0500][gc,marking    ] GC(1) Concurrent Cleanup for Next Mark 3.021ms
[2022-07-21T09:25:20.094+0500][gc            ] GC(1) Concurrent Cycle 10.895ms
[2022-07-21T09:25:21.301+0500][gc,start      ] GC(2) Pause Young (Normal) (G1 Evacuation Pause)
[2022-07-21T09:25:21.301+0500][gc,task       ] GC(2) Using 8 workers of 8 for evacuation
[2022-07-21T09:25:21.319+0500][gc,phases     ] GC(2)   Pre Evacuate Collection Set: 0.0ms
[2022-07-21T09:25:21.320+0500][gc,phases     ] GC(2)   Evacuate Collection Set: 18.0ms
[2022-07-21T09:25:21.320+0500][gc,phases     ] GC(2)   Post Evacuate Collection Set: 0.3ms
[2022-07-21T09:25:21.320+0500][gc,phases     ] GC(2)   Other: 0.2ms
[2022-07-21T09:25:21.320+0500][gc,heap       ] GC(2) Eden regions: 44->0(48)
[2022-07-21T09:25:21.320+0500][gc,heap       ] GC(2) Survivor regions: 7->3(7)
[2022-07-21T09:25:21.320+0500][gc,heap       ] GC(2) Old regions: 0->7
[2022-07-21T09:25:21.320+0500][gc,heap       ] GC(2) Humongous regions: 129->129
[2022-07-21T09:25:21.320+0500][gc,metaspace  ] GC(2) Metaspace: 30373K->30373K(1077248K)
[2022-07-21T09:25:21.320+0500][gc            ] GC(2) Pause Young (Normal) (G1 Evacuation Pause) 179M->138M(1024M) 18.538ms
[2022-07-21T09:25:21.320+0500][gc,cpu        ] GC(2) User=0.09s Sys=0.03s Real=0.02s
[2022-07-21T09:25:21.494+0500][gc,start      ] GC(3) Pause Young (Concurrent Start) (Metadata GC Threshold)
[2022-07-21T09:25:21.494+0500][gc,task       ] GC(3) Using 8 workers of 8 for evacuation
[2022-07-21T09:25:21.496+0500][gc,phases     ] GC(3)   Pre Evacuate Collection Set: 0.0ms
[2022-07-21T09:25:21.496+0500][gc,phases     ] GC(3)   Evacuate Collection Set: 2.2ms
[2022-07-21T09:25:21.496+0500][gc,phases     ] GC(3)   Post Evacuate Collection Set: 0.2ms
[2022-07-21T09:25:21.496+0500][gc,phases     ] GC(3)   Other: 0.1ms
[2022-07-21T09:25:21.496+0500][gc,heap       ] GC(3) Eden regions: 21->0(48)
[2022-07-21T09:25:21.496+0500][gc,heap       ] GC(3) Survivor regions: 3->3(7)
[2022-07-21T09:25:21.496+0500][gc,heap       ] GC(3) Old regions: 7->7
[2022-07-21T09:25:21.496+0500][gc,heap       ] GC(3) Humongous regions: 129->129
[2022-07-21T09:25:21.496+0500][gc,metaspace  ] GC(3) Metaspace: 34716K->34716K(1081344K)
[2022-07-21T09:25:21.496+0500][gc            ] GC(3) Pause Young (Concurrent Start) (Metadata GC Threshold) 159M->138M(1024M) 2.593ms
[2022-07-21T09:25:21.496+0500][gc,cpu        ] GC(3) User=0.01s Sys=0.00s Real=0.00s
[2022-07-21T09:25:21.496+0500][gc            ] GC(4) Concurrent Cycle
[2022-07-21T09:25:21.496+0500][gc,marking    ] GC(4) Concurrent Clear Claimed Marks
[2022-07-21T09:25:21.496+0500][gc,marking    ] GC(4) Concurrent Clear Claimed Marks 0.012ms
[2022-07-21T09:25:21.496+0500][gc,marking    ] GC(4) Concurrent Scan Root Regions
[2022-07-21T09:25:21.497+0500][gc,marking    ] GC(4) Concurrent Scan Root Regions 0.852ms
[2022-07-21T09:25:21.497+0500][gc,marking    ] GC(4) Concurrent Mark (2.471s)
[2022-07-21T09:25:21.497+0500][gc,marking    ] GC(4) Concurrent Mark From Roots
[2022-07-21T09:25:21.497+0500][gc,task       ] GC(4) Using 2 workers of 2 for marking
[2022-07-21T09:25:21.501+0500][gc,marking    ] GC(4) Concurrent Mark From Roots 4.336ms
[2022-07-21T09:25:21.501+0500][gc,marking    ] GC(4) Concurrent Preclean
[2022-07-21T09:25:21.502+0500][gc,marking    ] GC(4) Concurrent Preclean 0.043ms
[2022-07-21T09:25:21.502+0500][gc,marking    ] GC(4) Concurrent Mark (2.471s, 2.476s) 4.417ms
[2022-07-21T09:25:21.502+0500][gc,start      ] GC(4) Pause Remark
[2022-07-21T09:25:21.507+0500][gc,stringtable] GC(4) Cleaned string and symbol table, strings: 10755 processed, 8 removed, symbols: 95986 processed, 21 removed
[2022-07-21T09:25:21.507+0500][gc            ] GC(4) Pause Remark 138M->138M(1024M) 5.275ms
[2022-07-21T09:25:21.507+0500][gc,cpu        ] GC(4) User=0.01s Sys=0.01s Real=0.00s
[2022-07-21T09:25:21.507+0500][gc,marking    ] GC(4) Concurrent Rebuild Remembered Sets
[2022-07-21T09:25:21.509+0500][gc,marking    ] GC(4) Concurrent Rebuild Remembered Sets 2.066ms
[2022-07-21T09:25:21.510+0500][gc,start      ] GC(4) Pause Cleanup
[2022-07-21T09:25:21.510+0500][gc            ] GC(4) Pause Cleanup 138M->138M(1024M) 0.068ms
[2022-07-21T09:25:21.510+0500][gc,cpu        ] GC(4) User=0.00s Sys=0.00s Real=0.00s
[2022-07-21T09:25:21.510+0500][gc,marking    ] GC(4) Concurrent Cleanup for Next Mark
[2022-07-21T09:25:21.513+0500][gc,marking    ] GC(4) Concurrent Cleanup for Next Mark 2.965ms
[2022-07-21T09:25:21.513+0500][gc            ] GC(4) Concurrent Cycle 16.444ms
[2022-07-21T09:25:22.337+0500][gc,start      ] GC(5) Pause Young (Normal) (GCLocker Initiated GC)
[2022-07-21T09:25:22.337+0500][gc,task       ] GC(5) Using 8 workers of 8 for evacuation
[2022-07-21T09:25:22.343+0500][gc,phases     ] GC(5)   Pre Evacuate Collection Set: 0.0ms
[2022-07-21T09:25:22.343+0500][gc,phases     ] GC(5)   Evacuate Collection Set: 6.4ms
[2022-07-21T09:25:22.343+0500][gc,phases     ] GC(5)   Post Evacuate Collection Set: 0.3ms
[2022-07-21T09:25:22.343+0500][gc,phases     ] GC(5)   Other: 0.1ms
[2022-07-21T09:25:22.343+0500][gc,heap       ] GC(5) Eden regions: 48->0(44)
[2022-07-21T09:25:22.343+0500][gc,heap       ] GC(5) Survivor regions: 3->7(7)
[2022-07-21T09:25:22.343+0500][gc,heap       ] GC(5) Old regions: 7->7
[2022-07-21T09:25:22.343+0500][gc,heap       ] GC(5) Humongous regions: 129->129
[2022-07-21T09:25:22.343+0500][gc,metaspace  ] GC(5) Metaspace: 42955K->42955K(1087488K)
[2022-07-21T09:25:22.343+0500][gc            ] GC(5) Pause Young (Normal) (GCLocker Initiated GC) 186M->141M(1024M) 6.971ms
[2022-07-21T09:25:22.344+0500][gc,cpu        ] GC(5) User=0.03s Sys=0.01s Real=0.01s
[2022-07-21T10:00:53.895+0500][gc,start      ] GC(6) Pause Young (Normal) (G1 Evacuation Pause)
[2022-07-21T10:00:53.895+0500][gc,task       ] GC(6) Using 8 workers of 8 for evacuation
[2022-07-21T10:00:53.926+0500][gc,mmu        ] GC(6) MMU target violated: 21.0ms (20.0ms/21.0ms)
[2022-07-21T10:00:53.926+0500][gc,phases     ] GC(6)   Pre Evacuate Collection Set: 0.5ms
[2022-07-21T10:00:53.926+0500][gc,phases     ] GC(6)   Evacuate Collection Set: 28.9ms
[2022-07-21T10:00:53.926+0500][gc,phases     ] GC(6)   Post Evacuate Collection Set: 0.5ms
[2022-07-21T10:00:53.926+0500][gc,phases     ] GC(6)   Other: 1.0ms
[2022-07-21T10:00:53.926+0500][gc,heap       ] GC(6) Eden regions: 44->0(49)
[2022-07-21T10:00:53.926+0500][gc,heap       ] GC(6) Survivor regions: 7->2(7)
[2022-07-21T10:00:53.926+0500][gc,heap       ] GC(6) Old regions: 7->13
[2022-07-21T10:00:53.926+0500][gc,heap       ] GC(6) Humongous regions: 129->129
[2022-07-21T10:00:53.926+0500][gc,metaspace  ] GC(6) Metaspace: 47593K->47593K(1091584K)
[2022-07-21T10:00:53.926+0500][gc            ] GC(6) Pause Young (Normal) (G1 Evacuation Pause) 185M->143M(1024M) 30.967ms
[2022-07-21T10:00:53.926+0500][gc,cpu        ] GC(6) User=0.09s Sys=0.04s Real=0.03s
[2022-07-21T11:08:48.751+0500][gc,start      ] GC(7) Pause Young (Normal) (G1 Evacuation Pause)
[2022-07-21T11:08:48.751+0500][gc,task       ] GC(7) Using 8 workers of 8 for evacuation
[2022-07-21T11:08:48.762+0500][gc,phases     ] GC(7)   Pre Evacuate Collection Set: 0.1ms
[2022-07-21T11:08:48.762+0500][gc,phases     ] GC(7)   Evacuate Collection Set: 9.4ms
[2022-07-21T11:08:48.762+0500][gc,phases     ] GC(7)   Post Evacuate Collection Set: 1.0ms
[2022-07-21T11:08:48.762+0500][gc,phases     ] GC(7)   Other: 0.7ms
[2022-07-21T11:08:48.762+0500][gc,heap       ] GC(7) Eden regions: 49->0(50)
[2022-07-21T11:08:48.762+0500][gc,heap       ] GC(7) Survivor regions: 2->1(7)
[2022-07-21T11:08:48.762+0500][gc,heap       ] GC(7) Old regions: 13->13
[2022-07-21T11:08:48.762+0500][gc,heap       ] GC(7) Humongous regions: 129->129
[2022-07-21T11:08:48.762+0500][gc,metaspace  ] GC(7) Metaspace: 47883K->47883K(1093632K)
[2022-07-21T11:08:48.762+0500][gc            ] GC(7) Pause Young (Normal) (G1 Evacuation Pause) 192M->142M(1024M) 11.498ms
[2022-07-21T11:08:48.762+0500][gc,cpu        ] GC(7) User=0.02s Sys=0.01s Real=0.01s
[2022-07-21T12:38:02.327+0500][gc,start      ] GC(8) Pause Young (Normal) (G1 Evacuation Pause)
[2022-07-21T12:38:02.327+0500][gc,task       ] GC(8) Using 8 workers of 8 for evacuation
[2022-07-21T12:38:02.344+0500][gc,phases     ] GC(8)   Pre Evacuate Collection Set: 0.5ms
[2022-07-21T12:38:02.344+0500][gc,phases     ] GC(8)   Evacuate Collection Set: 14.2ms
[2022-07-21T12:38:02.344+0500][gc,phases     ] GC(8)   Post Evacuate Collection Set: 0.9ms
[2022-07-21T12:38:02.344+0500][gc,phases     ] GC(8)   Other: 1.1ms
[2022-07-21T12:38:02.344+0500][gc,heap       ] GC(8) Eden regions: 50->0(50)
[2022-07-21T12:38:02.344+0500][gc,heap       ] GC(8) Survivor regions: 1->1(7)
[2022-07-21T12:38:02.344+0500][gc,heap       ] GC(8) Old regions: 13->13
[2022-07-21T12:38:02.344+0500][gc,heap       ] GC(8) Humongous regions: 129->129
[2022-07-21T12:38:02.344+0500][gc,metaspace  ] GC(8) Metaspace: 47934K->47934K(1093632K)
[2022-07-21T12:38:02.344+0500][gc            ] GC(8) Pause Young (Normal) (G1 Evacuation Pause) 192M->142M(1024M) 17.009ms
[2022-07-21T12:38:02.344+0500][gc,cpu        ] GC(8) User=0.04s Sys=0.01s Real=0.02s
[2022-07-21T13:55:17.171+0500][gc,start      ] GC(9) Pause Young (Normal) (G1 Evacuation Pause)
[2022-07-21T13:55:17.171+0500][gc,task       ] GC(9) Using 8 workers of 8 for evacuation
[2022-07-21T13:55:17.200+0500][gc,mmu        ] GC(9) MMU target violated: 21.0ms (20.0ms/21.0ms)
[2022-07-21T13:55:17.200+0500][gc,phases     ] GC(9)   Pre Evacuate Collection Set: 1.0ms
[2022-07-21T13:55:17.200+0500][gc,phases     ] GC(9)   Evacuate Collection Set: 26.0ms
[2022-07-21T13:55:17.200+0500][gc,phases     ] GC(9)   Post Evacuate Collection Set: 1.6ms
[2022-07-21T13:55:17.201+0500][gc,phases     ] GC(9)   Other: 1.4ms
[2022-07-21T13:55:17.201+0500][gc,heap       ] GC(9) Eden regions: 50->0(50)
[2022-07-21T13:55:17.201+0500][gc,heap       ] GC(9) Survivor regions: 1->1(7)
[2022-07-21T13:55:17.201+0500][gc,heap       ] GC(9) Old regions: 13->13
[2022-07-21T13:55:17.201+0500][gc,heap       ] GC(9) Humongous regions: 129->129
[2022-07-21T13:55:17.201+0500][gc,metaspace  ] GC(9) Metaspace: 48000K->48000K(1093632K)
[2022-07-21T13:55:17.201+0500][gc            ] GC(9) Pause Young (Normal) (G1 Evacuation Pause) 192M->142M(1024M) 30.192ms
[2022-07-21T13:55:17.201+0500][gc,cpu        ] GC(9) User=0.05s Sys=0.03s Real=0.03s
